---
source: tests/schema.rs
expression: s
---
{
  "clispec": "0.2",
  "name": "openarchieven",
  "version": "[version]",
  "base_url": "https://api.openarchieven.nl/1.1",
  "rate_limit": {
    "requests_per_second": 4,
    "scope": "per_ip"
  },
  "output_formats": [
    "json",
    "ndjson",
    "table",
    "text",
    "markdown"
  ],
  "global_args": [
    {
      "name": "--output",
      "short": "-o",
      "type": "string",
      "required": false,
      "description": "Output format: json, ndjson, table, text, markdown"
    },
    {
      "name": "--pretty",
      "short": null,
      "type": "bool",
      "required": false,
      "description": "Pretty-print JSON output"
    },
    {
      "name": "--quiet",
      "short": "-q",
      "type": "bool",
      "required": false,
      "description": "Suppress stderr progress output"
    },
    {
      "name": "--no-color",
      "short": null,
      "type": "bool",
      "required": false,
      "description": "Disable ANSI colors"
    },
    {
      "name": "--no-cache",
      "short": null,
      "type": "bool",
      "required": false,
      "description": "Bypass cache read and write for this invocation"
    },
    {
      "name": "--refresh",
      "short": null,
      "type": "bool",
      "required": false,
      "description": "Bypass cache read; still write"
    },
    {
      "name": "--cache-ttl",
      "short": null,
      "type": "string",
      "required": false,
      "description": "Override cache TTL (e.g. 1h, inf, 0)"
    },
    {
      "name": "--cache-dir",
      "short": null,
      "type": "string",
      "required": false,
      "description": "Override cache directory"
    },
    {
      "name": "--fields",
      "short": null,
      "type": "string",
      "required": false,
      "description": "Top-level field projection (comma-separated)"
    },
    {
      "name": "--limit",
      "short": null,
      "type": "integer",
      "required": false,
      "description": "Pagination limit where supported"
    },
    {
      "name": "--offset",
      "short": null,
      "type": "integer",
      "required": false,
      "description": "Pagination offset where supported"
    },
    {
      "name": "--lang",
      "short": null,
      "type": "string",
      "required": false,
      "description": "Response language (default: nl)"
    },
    {
      "name": "--timeout",
      "short": null,
      "type": "string",
      "required": false,
      "description": "Per-request timeout (e.g. 30s, 1m, 500ms)"
    }
  ],
  "env_vars": [
    {
      "name": "OPENARCHIEVEN_BASE_URL",
      "effect": "Override API base URL (test use)"
    },
    {
      "name": "OPENARCHIEVEN_OUTPUT",
      "effect": "Default output format if --output not given"
    },
    {
      "name": "OPENARCHIEVEN_RATE_LIMIT",
      "effect": "Override 4 req/sec local limiter (test use)"
    },
    {
      "name": "OPENARCHIEVEN_CACHE_DIR",
      "effect": "Override cache directory"
    },
    {
      "name": "OPENARCHIEVEN_CACHE_DISABLE",
      "effect": "When 1, disable cache for the process"
    },
    {
      "name": "NO_COLOR",
      "effect": "Disable colored stderr output"
    }
  ],
  "cache": {
    "default_dir_template": "$XDG_CACHE_HOME/openarchieven (Linux), ~/Library/Caches/openarchieven (macOS)",
    "file_permissions": "0600",
    "dir_permissions": "0700"
  },
  "commands": [
    {
      "name": "archives",
      "description": "List all participating archives.",
      "mutating": false,
      "response_shape": "list",
      "paginated": false,
      "cache_ttl_seconds": 604800,
      "cache_ttl_strategy": "fixed",
      "args": [],
      "output_fields": [
        {
          "name": "items",
          "type": "array<archive>",
          "description": "Archive objects returned by the API"
        },
        {
          "name": "total",
          "type": "integer",
          "description": "Total number of archives in the response"
        },
        {
          "name": "limit",
          "type": "null",
          "description": "Always null; this command is non-paginated"
        },
        {
          "name": "offset",
          "type": "null",
          "description": "Always null; this command is non-paginated"
        },
        {
          "name": "paginated",
          "type": "boolean",
          "description": "Always false for this command"
        }
      ]
    },
    {
      "name": "search",
      "description": "Free-text record search across all archives.",
      "mutating": false,
      "response_shape": "list",
      "paginated": true,
      "cache_ttl_seconds": 21600,
      "cache_ttl_strategy": "fixed",
      "args": [
        {
          "name": "name",
          "type": "string",
          "required": true,
          "positional": true,
          "description": "Name to search for across all archives"
        },
        {
          "name": "--archive",
          "type": "string",
          "required": false,
          "positional": false,
          "description": "Filter by archive code"
        },
        {
          "name": "--source-type",
          "type": "string",
          "required": false,
          "positional": false,
          "description": "Filter by source type"
        },
        {
          "name": "--event-place",
          "type": "string",
          "required": false,
          "positional": false,
          "description": "Filter by place where the event occurred"
        },
        {
          "name": "--birth-place",
          "type": "string",
          "required": false,
          "positional": false,
          "description": "Filter by place of birth"
        },
        {
          "name": "--relation-type",
          "type": "string",
          "required": false,
          "positional": false,
          "description": "Filter by relation type of the person to the record"
        },
        {
          "name": "--country",
          "type": "string",
          "required": false,
          "positional": false,
          "description": "Filter by country code"
        },
        {
          "name": "--sort",
          "type": "integer",
          "required": false,
          "positional": false,
          "description": "Sort order integer (see enum values); default 1 = name ascending",
          "default": 1,
          "enum": [
            {
              "description": "Sort by source descending",
              "label": "source_desc",
              "value": -6
            },
            {
              "description": "Sort by place descending",
              "label": "place_desc",
              "value": -5
            },
            {
              "description": "Sort by date descending",
              "label": "date_desc",
              "value": -4
            },
            {
              "description": "Sort by event type descending",
              "label": "event_desc",
              "value": -3
            },
            {
              "description": "Sort by role descending",
              "label": "role_desc",
              "value": -2
            },
            {
              "description": "Sort by name descending",
              "label": "name_desc",
              "value": -1
            },
            {
              "description": "Sort by name ascending (default)",
              "label": "name_asc",
              "value": 1
            },
            {
              "description": "Sort by role ascending",
              "label": "role_asc",
              "value": 2
            },
            {
              "description": "Sort by event type ascending",
              "label": "event_asc",
              "value": 3
            },
            {
              "description": "Sort by date ascending",
              "label": "date_asc",
              "value": 4
            },
            {
              "description": "Sort by place ascending",
              "label": "place_asc",
              "value": 5
            },
            {
              "description": "Sort by source ascending",
              "label": "source_asc",
              "value": 6
            }
          ]
        },
        {
          "name": "--limit",
          "type": "integer",
          "required": false,
          "positional": false,
          "description": "Maximum number of results per page (1-100)",
          "default": 10,
          "max": 100
        },
        {
          "name": "--offset",
          "type": "integer",
          "required": false,
          "positional": false,
          "description": "Zero-based index of the first result to return",
          "default": 0
        },
        {
          "name": "--lang",
          "type": "string",
          "required": false,
          "positional": false,
          "description": "Response language for labels and descriptions",
          "default": "nl",
          "enum": [
            "nl",
            "en"
          ]
        }
      ],
      "output_fields": [
        {
          "name": "items",
          "type": "array<record>",
          "description": "Matched record objects from /response/docs"
        },
        {
          "name": "total",
          "type": "integer | null",
          "description": "Total hit count from /response/numFound; null if unavailable"
        },
        {
          "name": "limit",
          "type": "integer",
          "description": "Maximum number of items returned in this page"
        },
        {
          "name": "offset",
          "type": "integer",
          "description": "Zero-based index of the first item in this page"
        },
        {
          "name": "paginated",
          "type": "boolean",
          "description": "Always true; this command supports pagination"
        }
      ]
    },
    {
      "name": "show",
      "description": "Fetch a single record by archive code and identifier.",
      "mutating": false,
      "response_shape": "single-nested",
      "paginated": false,
      "cache_ttl_seconds": 86400,
      "cache_ttl_strategy": "fixed",
      "args": [
        {
          "name": "archive",
          "type": "string",
          "required": true,
          "positional": true,
          "description": "Archive code identifying the holding institution"
        },
        {
          "name": "identifier",
          "type": "string",
          "required": true,
          "positional": true,
          "description": "Record identifier within the archive"
        },
        {
          "name": "--lang",
          "type": "string",
          "required": false,
          "positional": false,
          "description": "Response language for labels and descriptions",
          "default": "nl",
          "enum": [
            "nl",
            "en"
          ]
        }
      ],
      "output_fields": []
    },
    {
      "name": "match",
      "description": "Match a record by name and birth year (probabilistic linkage).",
      "mutating": false,
      "response_shape": "list",
      "paginated": false,
      "cache_ttl_seconds": 21600,
      "cache_ttl_strategy": "fixed",
      "args": [
        {
          "name": "name",
          "type": "string",
          "required": true,
          "positional": true,
          "description": "Full name of the person to match"
        },
        {
          "name": "birthyear",
          "type": "integer",
          "required": true,
          "positional": true,
          "description": "Birth year used together with name for probabilistic matching"
        },
        {
          "name": "--lang",
          "type": "string",
          "required": false,
          "positional": false,
          "description": "Response language for labels and descriptions",
          "default": "nl",
          "enum": [
            "nl",
            "en"
          ]
        }
      ],
      "output_fields": [
        {
          "name": "items",
          "type": "array<record>",
          "description": "Matched record objects from /response/docs"
        },
        {
          "name": "total",
          "type": "integer | null",
          "description": "Total match count from /response/numFound; null if unavailable"
        },
        {
          "name": "paginated",
          "type": "boolean",
          "description": "Always false; this command is non-paginated"
        }
      ]
    },
    {
      "name": "births",
      "description": "Birth-event records by name with optional location/year filters.",
      "mutating": false,
      "response_shape": "list",
      "paginated": true,
      "cache_ttl_seconds": 21600,
      "cache_ttl_strategy": "fixed",
      "args": [
        {
          "name": "name",
          "type": "string",
          "required": true,
          "positional": true,
          "description": "Name of the person to search for in birth records"
        },
        {
          "name": "--event-year",
          "type": "integer",
          "required": false,
          "positional": false,
          "description": "Filter by year of birth event; client-side post-filtered"
        },
        {
          "name": "--event-place",
          "type": "string",
          "required": false,
          "positional": false,
          "description": "Filter by place of birth event"
        },
        {
          "name": "--event-province",
          "type": "string",
          "required": false,
          "positional": false,
          "description": "Filter by province of birth event (births only)"
        },
        {
          "name": "--limit",
          "type": "integer",
          "required": false,
          "positional": false,
          "description": "Maximum number of results per page (1-100)",
          "default": 10,
          "max": 100
        },
        {
          "name": "--offset",
          "type": "integer",
          "required": false,
          "positional": false,
          "description": "Zero-based index of the first result to return",
          "default": 0
        }
      ],
      "output_fields": [
        {
          "name": "items",
          "type": "array<record>",
          "description": "Birth record objects from /response/docs"
        },
        {
          "name": "total",
          "type": "integer | null",
          "description": "Total hit count from /response/numFound; null if unavailable"
        },
        {
          "name": "limit",
          "type": "integer",
          "description": "Maximum number of items returned in this page"
        },
        {
          "name": "offset",
          "type": "integer",
          "description": "Zero-based index of the first item in this page"
        },
        {
          "name": "paginated",
          "type": "boolean",
          "description": "Always true; this command supports pagination"
        }
      ]
    },
    {
      "name": "deaths",
      "description": "Death-event records by name.",
      "mutating": false,
      "response_shape": "list",
      "paginated": true,
      "cache_ttl_seconds": 21600,
      "cache_ttl_strategy": "fixed",
      "args": [
        {
          "name": "name",
          "type": "string",
          "required": true,
          "positional": true,
          "description": "Name of the person to search for in death records"
        },
        {
          "name": "--event-year",
          "type": "integer",
          "required": false,
          "positional": false,
          "description": "Filter by year of death event; client-side post-filtered"
        },
        {
          "name": "--event-place",
          "type": "string",
          "required": false,
          "positional": false,
          "description": "Filter by place of death event"
        },
        {
          "name": "--limit",
          "type": "integer",
          "required": false,
          "positional": false,
          "description": "Maximum number of results per page (1-100)",
          "default": 10,
          "max": 100
        },
        {
          "name": "--offset",
          "type": "integer",
          "required": false,
          "positional": false,
          "description": "Zero-based index of the first result to return",
          "default": 0
        }
      ],
      "output_fields": [
        {
          "name": "items",
          "type": "array<record>",
          "description": "Death record objects from /response/docs"
        },
        {
          "name": "total",
          "type": "integer | null",
          "description": "Total hit count from /response/numFound; null if unavailable"
        },
        {
          "name": "limit",
          "type": "integer",
          "description": "Maximum number of items returned in this page"
        },
        {
          "name": "offset",
          "type": "integer",
          "description": "Zero-based index of the first item in this page"
        },
        {
          "name": "paginated",
          "type": "boolean",
          "description": "Always true; this command supports pagination"
        }
      ]
    },
    {
      "name": "marriages",
      "description": "Marriage-event records by both partners' names.",
      "mutating": false,
      "response_shape": "list",
      "paginated": true,
      "cache_ttl_seconds": 21600,
      "cache_ttl_strategy": "fixed",
      "args": [
        {
          "name": "name1",
          "type": "string",
          "required": true,
          "positional": true,
          "description": "Name of the first partner"
        },
        {
          "name": "name2",
          "type": "string",
          "required": true,
          "positional": true,
          "description": "Name of the second partner"
        },
        {
          "name": "--event-year",
          "type": "integer",
          "required": false,
          "positional": false,
          "description": "Filter by year of marriage event; client-side post-filtered"
        },
        {
          "name": "--event-place",
          "type": "string",
          "required": false,
          "positional": false,
          "description": "Filter by place of marriage event"
        },
        {
          "name": "--limit",
          "type": "integer",
          "required": false,
          "positional": false,
          "description": "Maximum number of results per page (1-100)",
          "default": 10,
          "max": 100
        },
        {
          "name": "--offset",
          "type": "integer",
          "required": false,
          "positional": false,
          "description": "Zero-based index of the first result to return",
          "default": 0
        }
      ],
      "output_fields": [
        {
          "name": "items",
          "type": "array<record>",
          "description": "Marriage record objects from /response/docs"
        },
        {
          "name": "total",
          "type": "integer | null",
          "description": "Total hit count from /response/numFound; null if unavailable"
        },
        {
          "name": "limit",
          "type": "integer",
          "description": "Maximum number of items returned in this page"
        },
        {
          "name": "offset",
          "type": "integer",
          "description": "Zero-based index of the first item in this page"
        },
        {
          "name": "paginated",
          "type": "boolean",
          "description": "Always true; this command supports pagination"
        }
      ]
    },
    {
      "name": "yearsago",
      "description": "Records from N years ago today (date-dependent).",
      "mutating": false,
      "response_shape": "list",
      "paginated": false,
      "cache_ttl_seconds": null,
      "cache_ttl_strategy": "until_midnight",
      "args": [
        {
          "name": "years",
          "type": "integer",
          "required": true,
          "positional": true,
          "description": "Number of years to look back from today",
          "min": 0
        },
        {
          "name": "--limit",
          "type": "integer",
          "required": false,
          "positional": false,
          "description": "Maximum number of results to return (1-100)",
          "default": 10,
          "min": 1,
          "max": 100
        }
      ],
      "output_fields": [
        {
          "name": "items",
          "type": "array<record>",
          "description": "Records from exactly N years ago today, from /response/docs"
        },
        {
          "name": "total",
          "type": "integer",
          "description": "Number of items in this response (not a server-side total)"
        },
        {
          "name": "paginated",
          "type": "boolean",
          "description": "Always false; this command uses limit-only pagination"
        }
      ]
    },
    {
      "name": "census",
      "description": "Census records by place or gg URI.",
      "mutating": false,
      "response_shape": "single-nested",
      "paginated": false,
      "cache_ttl_seconds": null,
      "cache_ttl_strategy": "never",
      "args": [
        {
          "name": "--year",
          "type": "integer",
          "required": true,
          "positional": false,
          "description": "Census year to retrieve data for"
        },
        {
          "name": "--place",
          "type": "string",
          "required": false,
          "positional": false,
          "description": "Place name; mutually exclusive with --gg-uri"
        },
        {
          "name": "--gg-uri",
          "type": "string",
          "required": false,
          "positional": false,
          "description": "Gemeentegeschiedenis URI for the place; mutually exclusive with --place"
        },
        {
          "name": "--province",
          "type": "string",
          "required": false,
          "positional": false,
          "description": "Province filter to narrow census results"
        },
        {
          "name": "--richness",
          "type": "integer",
          "required": false,
          "positional": false,
          "description": "Level of detail to include: 1=basic, 2=full, 3=aggregated",
          "min": 1,
          "max": 3,
          "enum": [
            {
              "description": "Basic information and population number",
              "label": "basic",
              "value": 1
            },
            {
              "description": "Like basic, plus all available census data",
              "label": "full",
              "value": 2
            },
            {
              "description": "Like full, plus aggregated data about provinces",
              "label": "aggregated",
              "value": 3
            }
          ]
        }
      ],
      "output_fields": []
    },
    {
      "name": "weather",
      "description": "Historical weather observations for a date and coordinate.",
      "mutating": false,
      "response_shape": "list",
      "paginated": false,
      "cache_ttl_seconds": null,
      "cache_ttl_strategy": "never",
      "args": [
        {
          "name": "--date",
          "type": "string",
          "required": true,
          "positional": false,
          "description": "Date in YYYY-MM-DD format for which to retrieve weather observations"
        },
        {
          "name": "--longitude",
          "type": "number",
          "required": true,
          "positional": false,
          "description": "Decimal longitude of the location"
        },
        {
          "name": "--latitude",
          "type": "number",
          "required": true,
          "positional": false,
          "description": "Decimal latitude of the location"
        },
        {
          "name": "--lang",
          "type": "string",
          "required": false,
          "positional": false,
          "description": "Response language for labels and descriptions",
          "default": "nl",
          "enum": [
            "nl",
            "en"
          ]
        }
      ],
      "output_fields": [
        {
          "name": "items",
          "type": "array<observation>",
          "description": "Weather observation objects for the requested date and coordinate"
        },
        {
          "name": "total",
          "type": "integer",
          "description": "Number of observation objects in this response"
        },
        {
          "name": "limit",
          "type": "null",
          "description": "Always null; this command is non-paginated"
        },
        {
          "name": "offset",
          "type": "null",
          "description": "Always null; this command is non-paginated"
        },
        {
          "name": "paginated",
          "type": "boolean",
          "description": "Always false for this command"
        }
      ]
    },
    {
      "name": "stats records",
      "description": "Per-archive record counts.",
      "mutating": false,
      "response_shape": "list",
      "paginated": false,
      "cache_ttl_seconds": 86400,
      "cache_ttl_strategy": "fixed",
      "args": [
        {
          "name": "--archive",
          "type": "string",
          "required": false,
          "positional": false,
          "description": "Filter results to a specific archive code"
        }
      ],
      "output_fields": [
        {
          "name": "items",
          "type": "array<row>",
          "description": "Per-archive record count rows"
        },
        {
          "name": "total",
          "type": "integer",
          "description": "Number of rows returned"
        },
        {
          "name": "paginated",
          "type": "boolean",
          "description": "Always false; this command is non-paginated"
        }
      ]
    },
    {
      "name": "stats sources",
      "description": "Per-archive source-type counts.",
      "mutating": false,
      "response_shape": "list",
      "paginated": false,
      "cache_ttl_seconds": 86400,
      "cache_ttl_strategy": "fixed",
      "args": [
        {
          "name": "--archive",
          "type": "string",
          "required": false,
          "positional": false,
          "description": "Filter results to a specific archive code"
        }
      ],
      "output_fields": [
        {
          "name": "items",
          "type": "array<row>",
          "description": "Per-archive source-type count rows"
        },
        {
          "name": "total",
          "type": "integer",
          "description": "Number of rows returned"
        },
        {
          "name": "paginated",
          "type": "boolean",
          "description": "Always false; this command is non-paginated"
        }
      ]
    },
    {
      "name": "stats events",
      "description": "Per-archive event-type counts.",
      "mutating": false,
      "response_shape": "list",
      "paginated": false,
      "cache_ttl_seconds": 86400,
      "cache_ttl_strategy": "fixed",
      "args": [
        {
          "name": "--archive",
          "type": "string",
          "required": false,
          "positional": false,
          "description": "Filter results to a specific archive code"
        }
      ],
      "output_fields": [
        {
          "name": "items",
          "type": "array<row>",
          "description": "Per-archive event-type count rows"
        },
        {
          "name": "total",
          "type": "integer",
          "description": "Number of rows returned"
        },
        {
          "name": "paginated",
          "type": "boolean",
          "description": "Always false; this command is non-paginated"
        }
      ]
    },
    {
      "name": "stats comments",
      "description": "Per-archive comment counts.",
      "mutating": false,
      "response_shape": "list",
      "paginated": false,
      "cache_ttl_seconds": 86400,
      "cache_ttl_strategy": "fixed",
      "args": [
        {
          "name": "--archive",
          "type": "string",
          "required": false,
          "positional": false,
          "description": "Filter results to a specific archive code"
        }
      ],
      "output_fields": [
        {
          "name": "items",
          "type": "array<row>",
          "description": "Per-archive comment count rows"
        },
        {
          "name": "total",
          "type": "integer",
          "description": "Number of rows returned"
        },
        {
          "name": "paginated",
          "type": "boolean",
          "description": "Always false; this command is non-paginated"
        }
      ]
    },
    {
      "name": "stats familynames",
      "description": "Family-name frequency stats by place, year range, and event type.",
      "mutating": false,
      "response_shape": "list",
      "paginated": false,
      "cache_ttl_seconds": 86400,
      "cache_ttl_strategy": "fixed",
      "args": [
        {
          "name": "--place",
          "type": "string",
          "required": false,
          "positional": false,
          "description": "Filter by event place name"
        },
        {
          "name": "--year-start",
          "type": "integer",
          "required": false,
          "positional": false,
          "description": "Start of event year range (inclusive, 1500-1960)",
          "min": 1500,
          "max": 1960
        },
        {
          "name": "--year-end",
          "type": "integer",
          "required": false,
          "positional": false,
          "description": "End of event year range (inclusive, 1500-1960)",
          "min": 1500,
          "max": 1960
        },
        {
          "name": "--event-type",
          "type": "integer",
          "required": false,
          "positional": false,
          "description": "Filter by event type: 0=all, 1=birth, 2=marriage, 3=death, 6=notarial",
          "enum": [
            {
              "description": "All event types",
              "label": "all",
              "value": 0
            },
            {
              "description": "Geboorte",
              "label": "birth",
              "value": 1
            },
            {
              "description": "Huwelijk",
              "label": "marriage",
              "value": 2
            },
            {
              "description": "Overlijden",
              "label": "death",
              "value": 3
            },
            {
              "description": "Notariële akten",
              "label": "notarial",
              "value": 6
            }
          ]
        },
        {
          "name": "--limit",
          "type": "integer",
          "required": false,
          "positional": false,
          "description": "Maximum number of family names to return (1-100)",
          "default": 20,
          "min": 1,
          "max": 100
        },
        {
          "name": "--lang",
          "type": "string",
          "required": false,
          "positional": false,
          "description": "Response language for labels and descriptions",
          "default": "nl",
          "enum": [
            "nl",
            "en",
            "de",
            "fr"
          ]
        }
      ],
      "output_fields": [
        {
          "name": "items",
          "type": "array<row>",
          "description": "Family name frequency rows, each with name and count fields"
        },
        {
          "name": "total",
          "type": "integer",
          "description": "Number of rows returned after applying the limit"
        },
        {
          "name": "limit",
          "type": "integer",
          "description": "Maximum number of rows requested"
        },
        {
          "name": "paginated",
          "type": "boolean",
          "description": "Always false; this command is non-paginated"
        }
      ]
    },
    {
      "name": "stats firstnames",
      "description": "First-name frequency stats for a place and year.",
      "mutating": false,
      "response_shape": "list",
      "paginated": false,
      "cache_ttl_seconds": 86400,
      "cache_ttl_strategy": "fixed",
      "args": [
        {
          "name": "--place",
          "type": "string",
          "required": true,
          "positional": false,
          "description": "Event place name to retrieve first-name frequency for"
        },
        {
          "name": "--year",
          "type": "integer",
          "required": true,
          "positional": false,
          "description": "Event year to retrieve first-name frequency for (1600-1960)",
          "min": 1600,
          "max": 1960
        },
        {
          "name": "--limit",
          "type": "integer",
          "required": false,
          "positional": false,
          "description": "Maximum number of first names to return (1-100)",
          "default": 20,
          "min": 1,
          "max": 100
        }
      ],
      "output_fields": [
        {
          "name": "items",
          "type": "array<row>",
          "description": "First name frequency rows from /response/firstnames"
        },
        {
          "name": "total",
          "type": "integer",
          "description": "Number of rows returned after applying the limit"
        },
        {
          "name": "limit",
          "type": "integer",
          "description": "Maximum number of rows requested"
        },
        {
          "name": "paginated",
          "type": "boolean",
          "description": "Always false; this command is non-paginated"
        }
      ]
    },
    {
      "name": "stats professions",
      "description": "Profession frequency stats by place and year range.",
      "mutating": false,
      "response_shape": "list",
      "paginated": false,
      "cache_ttl_seconds": 86400,
      "cache_ttl_strategy": "fixed",
      "args": [
        {
          "name": "--place",
          "type": "string",
          "required": false,
          "positional": false,
          "description": "Filter by event place name"
        },
        {
          "name": "--year-start",
          "type": "integer",
          "required": false,
          "positional": false,
          "description": "Start of event year range (inclusive, 1500-1960)",
          "min": 1500,
          "max": 1960
        },
        {
          "name": "--year-end",
          "type": "integer",
          "required": false,
          "positional": false,
          "description": "End of event year range (inclusive, 1500-1960)",
          "min": 1500,
          "max": 1960
        },
        {
          "name": "--limit",
          "type": "integer",
          "required": false,
          "positional": false,
          "description": "Maximum number of professions to return (1-100)",
          "default": 20,
          "min": 1,
          "max": 100
        },
        {
          "name": "--lang",
          "type": "string",
          "required": false,
          "positional": false,
          "description": "Response language for labels and descriptions",
          "default": "nl",
          "enum": [
            "nl",
            "en",
            "de",
            "fr"
          ]
        }
      ],
      "output_fields": [
        {
          "name": "items",
          "type": "array<row>",
          "description": "Profession frequency rows from /professions"
        },
        {
          "name": "total",
          "type": "integer",
          "description": "Number of rows returned after applying the limit"
        },
        {
          "name": "limit",
          "type": "integer",
          "description": "Maximum number of rows requested"
        },
        {
          "name": "paginated",
          "type": "boolean",
          "description": "Always false; this command is non-paginated"
        }
      ]
    },
    {
      "name": "stats breakdown",
      "description": "Cross-tabulation aggregation grouped by one dimension.",
      "mutating": false,
      "response_shape": "single-nested",
      "paginated": false,
      "cache_ttl_seconds": 86400,
      "cache_ttl_strategy": "fixed",
      "args": [
        {
          "name": "group_by",
          "type": "string",
          "required": true,
          "positional": true,
          "description": "Dimension to group aggregation by: archive, sourcetype, eventtype, place, or year",
          "enum": [
            "archive",
            "sourcetype",
            "eventtype",
            "place",
            "year"
          ]
        },
        {
          "name": "--archive",
          "type": "string",
          "required": false,
          "positional": false,
          "description": "Filter results to a specific archive code"
        },
        {
          "name": "--source-type",
          "type": "string",
          "required": false,
          "positional": false,
          "description": "Filter results to a specific source type"
        },
        {
          "name": "--event-type",
          "type": "integer",
          "required": false,
          "positional": false,
          "description": "Filter by event type: 0=all, 1=birth, 2=marriage, 3=death, 6=notarial",
          "enum": [
            {
              "description": "All event types",
              "label": "all",
              "value": 0
            },
            {
              "description": "Geboorte",
              "label": "birth",
              "value": 1
            },
            {
              "description": "Huwelijk",
              "label": "marriage",
              "value": 2
            },
            {
              "description": "Overlijden",
              "label": "death",
              "value": 3
            },
            {
              "description": "Notariële akten",
              "label": "notarial",
              "value": 6
            }
          ]
        },
        {
          "name": "--place",
          "type": "string",
          "required": false,
          "positional": false,
          "description": "Filter results by event place name"
        },
        {
          "name": "--year-start",
          "type": "integer",
          "required": false,
          "positional": false,
          "description": "Start of event year range (inclusive, 1500-1960)",
          "min": 1500,
          "max": 1960
        },
        {
          "name": "--year-end",
          "type": "integer",
          "required": false,
          "positional": false,
          "description": "End of event year range (inclusive, 1500-1960)",
          "min": 1500,
          "max": 1960
        },
        {
          "name": "--min-count",
          "type": "integer",
          "required": false,
          "positional": false,
          "description": "Exclude groups with fewer than this many records",
          "min": 1
        },
        {
          "name": "--sort",
          "type": "string",
          "required": false,
          "positional": false,
          "description": "Sort order for results: count_desc, count_asc, or name_asc",
          "default": "count_desc",
          "enum": [
            "count_desc",
            "count_asc",
            "name_asc"
          ]
        },
        {
          "name": "--limit",
          "type": "integer",
          "required": false,
          "positional": false,
          "description": "Maximum number of groups to return (1-500)",
          "default": 100,
          "min": 1,
          "max": 500
        },
        {
          "name": "--lang",
          "type": "string",
          "required": false,
          "positional": false,
          "description": "Response language for labels and descriptions",
          "default": "nl",
          "enum": [
            "nl",
            "en",
            "de",
            "fr"
          ]
        }
      ],
      "output_fields": [
        {
          "name": "group_by",
          "type": "string",
          "description": "Dimension used for grouping in this response"
        },
        {
          "name": "filters",
          "type": "object",
          "description": "Active filter values applied to this aggregation"
        },
        {
          "name": "total_records",
          "type": "integer",
          "description": "Total number of records across all groups"
        },
        {
          "name": "total_groups",
          "type": "integer",
          "description": "Total number of distinct groups found"
        },
        {
          "name": "results",
          "type": "array<group>",
          "description": "Aggregated group objects, each with a label and count"
        }
      ]
    },
    {
      "name": "transcripts search",
      "description": "Full-text search across page transcriptions of historical documents.",
      "mutating": false,
      "response_shape": "list",
      "paginated": true,
      "cache_ttl_seconds": 21600,
      "cache_ttl_strategy": "fixed",
      "args": [
        {
          "name": "q",
          "type": "string",
          "required": true,
          "positional": true,
          "description": "Full-text query to search across page transcriptions"
        },
        {
          "name": "--archive-code",
          "type": "string",
          "required": false,
          "positional": false,
          "description": "Filter results to a specific archive code"
        },
        {
          "name": "--archive-number",
          "type": "string",
          "required": false,
          "positional": false,
          "description": "Filter results to a specific archive number within the archive"
        },
        {
          "name": "--inventory-number",
          "type": "string",
          "required": false,
          "positional": false,
          "description": "Filter results to a specific inventory number"
        },
        {
          "name": "--year-start",
          "type": "integer",
          "required": false,
          "positional": false,
          "description": "Filter results to documents starting from this year"
        },
        {
          "name": "--year-end",
          "type": "integer",
          "required": false,
          "positional": false,
          "description": "Filter results to documents up to and including this year"
        },
        {
          "name": "--limit",
          "type": "integer",
          "required": false,
          "positional": false,
          "description": "Maximum number of results per page (1-100)",
          "default": 10,
          "min": 1,
          "max": 100
        },
        {
          "name": "--offset",
          "type": "integer",
          "required": false,
          "positional": false,
          "description": "Zero-based index of the first result to return",
          "default": 0,
          "min": 0
        },
        {
          "name": "--lang",
          "type": "string",
          "required": false,
          "positional": false,
          "description": "Response language for labels and descriptions",
          "default": "nl",
          "enum": [
            "nl",
            "en",
            "de",
            "fr"
          ]
        }
      ],
      "output_fields": [
        {
          "name": "items",
          "type": "array<transcription_match>",
          "description": "Transcription match objects from /response/docs"
        },
        {
          "name": "total",
          "type": "integer | null",
          "description": "Total hit count from /response/number_found; null if unavailable"
        },
        {
          "name": "limit",
          "type": "integer",
          "description": "Maximum number of items returned in this page"
        },
        {
          "name": "offset",
          "type": "integer",
          "description": "Zero-based index of the first item in this page"
        },
        {
          "name": "paginated",
          "type": "boolean",
          "description": "Always true; this command supports pagination"
        }
      ]
    },
    {
      "name": "transcripts browse",
      "description": "Hierarchical browse of available page transcriptions: archives → archive numbers → inventories.",
      "mutating": false,
      "response_shape": "list",
      "paginated": false,
      "cache_ttl_seconds": 604800,
      "cache_ttl_strategy": "fixed",
      "args": [
        {
          "name": "--archive-code",
          "type": "string",
          "required": false,
          "positional": false,
          "description": "Scope browse to a specific archive code; omit to list all archives"
        },
        {
          "name": "--archive-number",
          "type": "string",
          "required": false,
          "positional": false,
          "description": "Scope browse to a specific archive number; requires --archive-code"
        },
        {
          "name": "--lang",
          "type": "string",
          "required": false,
          "positional": false,
          "description": "Response language for labels and descriptions",
          "default": "nl",
          "enum": [
            "nl",
            "en",
            "de",
            "fr"
          ]
        }
      ],
      "output_fields": [
        {
          "name": "items",
          "type": "array<browse_item>",
          "description": "Hierarchical browse items from /response/docs"
        },
        {
          "name": "total",
          "type": "integer",
          "description": "Number of browse items in this response"
        },
        {
          "name": "limit",
          "type": "null",
          "description": "Always null; this command is non-paginated"
        },
        {
          "name": "offset",
          "type": "null",
          "description": "Always null; this command is non-paginated"
        },
        {
          "name": "paginated",
          "type": "boolean",
          "description": "Always false for this command"
        }
      ]
    },
    {
      "name": "transcripts show",
      "description": "Retrieve the full transcript of a single page by id (immutable; cached forever).",
      "mutating": false,
      "response_shape": "single-nested",
      "paginated": false,
      "cache_ttl_seconds": null,
      "cache_ttl_strategy": "never",
      "args": [
        {
          "name": "id",
          "type": "string",
          "required": true,
          "positional": true,
          "description": "Unique transcription page identifier"
        },
        {
          "name": "--lang",
          "type": "string",
          "required": false,
          "positional": false,
          "description": "Response language for labels and descriptions",
          "default": "nl",
          "enum": [
            "nl",
            "en",
            "de",
            "fr"
          ]
        }
      ],
      "output_fields": []
    },
    {
      "name": "cache info",
      "description": "Show cache location, total size, and entry count",
      "mutating": false,
      "response_shape": "single-flat",
      "paginated": false,
      "cache_ttl_seconds": null,
      "cache_ttl_strategy": "none",
      "args": [],
      "output_fields": [
        {
          "name": "root",
          "type": "string",
          "description": "Absolute path to the cache directory"
        },
        {
          "name": "entries",
          "type": "integer",
          "description": "Number of cache entry files currently on disk"
        },
        {
          "name": "bytes",
          "type": "integer",
          "description": "Total size of all cache entries in bytes"
        },
        {
          "name": "oldest",
          "type": "datetime | null",
          "description": "RFC 3339 timestamp of the oldest cache entry; null if cache is empty"
        },
        {
          "name": "newest",
          "type": "datetime | null",
          "description": "RFC 3339 timestamp of the newest cache entry; null if cache is empty"
        }
      ]
    },
    {
      "name": "cache clear",
      "description": "Delete all cache entries (requires --yes)",
      "mutating": true,
      "response_shape": "single-flat",
      "paginated": false,
      "cache_ttl_seconds": null,
      "cache_ttl_strategy": "none",
      "args": [
        {
          "name": "--yes",
          "type": "boolean",
          "required": true,
          "positional": false,
          "description": "Required safety flag to confirm the destructive clear operation"
        }
      ],
      "output_fields": [
        {
          "name": "deleted",
          "type": "integer",
          "description": "Number of cache entry files deleted"
        }
      ]
    },
    {
      "name": "cache prune",
      "description": "Delete only expired cache entries",
      "mutating": true,
      "response_shape": "single-flat",
      "paginated": false,
      "cache_ttl_seconds": null,
      "cache_ttl_strategy": "none",
      "args": [],
      "output_fields": [
        {
          "name": "deleted",
          "type": "integer",
          "description": "Number of expired cache entry files deleted"
        }
      ]
    },
    {
      "name": "schema",
      "description": "Emit this machine-readable schema document",
      "mutating": false,
      "response_shape": "schema",
      "paginated": false,
      "cache_ttl_seconds": null,
      "cache_ttl_strategy": "none",
      "args": [],
      "output_fields": []
    },
    {
      "name": "version",
      "description": "Print the binary version",
      "mutating": false,
      "response_shape": "single-flat",
      "paginated": false,
      "cache_ttl_seconds": null,
      "cache_ttl_strategy": "none",
      "args": [],
      "output_fields": [
        {
          "name": "version",
          "type": "string",
          "description": "Semver version string of the binary"
        }
      ]
    }
  ],
  "outcomes": [],
  "errors": [
    {
      "kind": "validation",
      "exit_code": 2,
      "retryable": false,
      "message": "Invalid argument or unsupported parameter combination",
      "hint": "Run openarchieven <command> --help",
      "fields": [
        "kind",
        "message",
        "upstream_code",
        "upstream_message"
      ]
    },
    {
      "kind": "not_found",
      "exit_code": 1,
      "retryable": false,
      "message": "Requested record or resource does not exist",
      "fields": [
        "kind",
        "message"
      ]
    },
    {
      "kind": "rate_limit",
      "exit_code": 1,
      "retryable": true,
      "message": "API rate limit exceeded; wait retry_after_seconds before retrying",
      "fields": [
        "kind",
        "message",
        "retry_after_seconds"
      ]
    },
    {
      "kind": "timeout",
      "exit_code": 1,
      "retryable": true,
      "message": "Request timed out",
      "fields": [
        "kind",
        "message"
      ]
    },
    {
      "kind": "network",
      "exit_code": 1,
      "retryable": true,
      "message": "Network-level error (DNS, TCP, TLS)",
      "fields": [
        "kind",
        "message"
      ]
    },
    {
      "kind": "server",
      "exit_code": 1,
      "retryable": true,
      "message": "Upstream API returned an unexpected 5xx response",
      "fields": [
        "kind",
        "message"
      ]
    },
    {
      "kind": "parse",
      "exit_code": 1,
      "retryable": false,
      "message": "API response could not be parsed",
      "fields": [
        "kind",
        "message"
      ]
    },
    {
      "kind": "conflict",
      "exit_code": 1,
      "retryable": false,
      "message": "Operation conflicted with current state",
      "fields": [
        "kind",
        "message"
      ]
    }
  ]
}
